// Jest Snapshot v1, https://goo.gl/fbAQLP

exports[`<Button/> should render the button 1`] = `
<button
  class="MuiButton-root MuiButton-contained MuiButton-containedPrimary MuiButton-sizeMedium MuiButton-containedSizeMedium MuiButton-disableElevation MuiButtonBase-root css-zddlty-MuiButtonBase-root-MuiButton-root"
  tabindex="0"
  type="button"
>
  <span>
    Button
     
  </span>
  <span
    class="MuiTouchRipple-root css-8je8zh-MuiTouchRipple-root"
  />
</button>
`
